  Generating "version.h"...
  VERSION defined as "cdda-experimental-2026-01-12-1757-dirty"
  Installing vcpkg dependencies to E:\Desktop\Cataclysm-DDA-0.D-branch\Cataclysm-DDA\msvc-full-features\vcpkg_installed\x64-windows-static\
  "E:\Desktop\Cataclysm-DDA-0.D-branch\vcpkg\vcpkg.exe" install "--host-triplet=x64-windows-static" --x-wait-for-lock --triplet "x64-windows-static" --vcpkg-root "E:\Desktop\Cataclysm-DDA-0.D-branch\vcpkg\\" "--x-manifest-root=E:\Desktop\Cataclysm-DDA-0.D-branch\Cataclysm-DDA\msvc-full-features\\" "--x-install-root=E:\Desktop\Cataclysm-DDA-0.D-branch\Cataclysm-DDA\msvc-full-features\vcpkg_installed\x64-windows-static\\" --clean-after-build
  E:\Desktop\Cataclysm-DDA-0.D-branch\vcpkg\.vcpkg-root에 대한 파일 시스템 잠금을 기다리는 중...
  E:\Desktop\Cataclysm-DDA-0.D-branch\vcpkg\.vcpkg-root에 대한 파일 시스템 잠금을 기다리는 중...
  E:\Desktop\Cataclysm-DDA-0.D-branch\vcpkg\.vcpkg-root에 대한 파일 시스템 잠금을 기다리는 중...
  E:\Desktop\Cataclysm-DDA-0.D-branch\vcpkg\.vcpkg-root에 대한 파일 시스템 잠금을 기다리는 중...
  E:\Desktop\Cataclysm-DDA-0.D-branch\vcpkg\.vcpkg-root에 대한 파일 시스템 잠금을 기다리는 중...
  E:\Desktop\Cataclysm-DDA-0.D-branch\vcpkg\.vcpkg-root에 대한 파일 시스템 잠금을 기다리는 중...
  E:\Desktop\Cataclysm-DDA-0.D-branch\vcpkg\.vcpkg-root에 대한 파일 시스템 잠금을 기다리는 중...
  E:\Desktop\Cataclysm-DDA-0.D-branch\vcpkg\.vcpkg-root에 대한 파일 시스템 잠금을 기다리는 중...
  E:\Desktop\Cataclysm-DDA-0.D-branch\vcpkg\.vcpkg-root에 대한 파일 시스템 잠금을 기다리는 중...
  E:\Desktop\Cataclysm-DDA-0.D-branch\vcpkg\.vcpkg-root에 대한 파일 시스템 잠금을 기다리는 중...
  E:\Desktop\Cataclysm-DDA-0.D-branch\vcpkg\.vcpkg-root에 대한 파일 시스템 잠금을 기다리는 중...
  E:\Desktop\Cataclysm-DDA-0.D-branch\vcpkg\.vcpkg-root에 대한 파일 시스템 잠금을 기다리는 중...
  E:\Desktop\Cataclysm-DDA-0.D-branch\vcpkg\.vcpkg-root에 대한 파일 시스템 잠금을 기다리는 중...
  E:\Desktop\Cataclysm-DDA-0.D-branch\vcpkg\.vcpkg-root에 대한 파일 시스템 잠금을 기다리는 중...
  E:\Desktop\Cataclysm-DDA-0.D-branch\vcpkg\.vcpkg-root에 대한 파일 시스템 잠금을 기다리는 중...
  E:\Desktop\Cataclysm-DDA-0.D-branch\vcpkg\.vcpkg-root에 대한 파일 시스템 잠금을 기다리는 중...
  E:\Desktop\Cataclysm-DDA-0.D-branch\vcpkg\.vcpkg-root에 대한 파일 시스템 잠금을 기다리는 중...
  E:\Desktop\Cataclysm-DDA-0.D-branch\vcpkg\.vcpkg-root에 대한 파일 시스템 잠금을 기다리는 중...
  E:\Desktop\Cataclysm-DDA-0.D-branch\vcpkg\.vcpkg-root에 대한 파일 시스템 잠금을 기다리는 중...
  E:\Desktop\Cataclysm-DDA-0.D-branch\vcpkg\.vcpkg-root에 대한 파일 시스템 잠금을 기다리는 중...
  E:\Desktop\Cataclysm-DDA-0.D-branch\vcpkg\.vcpkg-root에 대한 파일 시스템 잠금을 기다리는 중...
  E:\Desktop\Cataclysm-DDA-0.D-branch\vcpkg\.vcpkg-root에 대한 파일 시스템 잠금을 기다리는 중...
  E:\Desktop\Cataclysm-DDA-0.D-branch\vcpkg\.vcpkg-root에 대한 파일 시스템 잠금을 기다리는 중...
  E:\Desktop\Cataclysm-DDA-0.D-branch\vcpkg\.vcpkg-root에 대한 파일 시스템 잠금을 기다리는 중...
  E:\Desktop\Cataclysm-DDA-0.D-branch\vcpkg\.vcpkg-root에 대한 파일 시스템 잠금을 기다리는 중...
  E:\Desktop\Cataclysm-DDA-0.D-branch\vcpkg\.vcpkg-root에 대한 파일 시스템 잠금을 기다리는 중...
  E:\Desktop\Cataclysm-DDA-0.D-branch\vcpkg\.vcpkg-root에 대한 파일 시스템 잠금을 기다리는 중...
  E:\Desktop\Cataclysm-DDA-0.D-branch\vcpkg\.vcpkg-root에 대한 파일 시스템 잠금을 기다리는 중...
  E:\Desktop\Cataclysm-DDA-0.D-branch\vcpkg\.vcpkg-root에 대한 파일 시스템 잠금을 기다리는 중...
  E:\Desktop\Cataclysm-DDA-0.D-branch\vcpkg\.vcpkg-root에 대한 파일 시스템 잠금을 기다리는 중...
  E:\Desktop\Cataclysm-DDA-0.D-branch\vcpkg\.vcpkg-root에 대한 파일 시스템 잠금을 기다리는 중...
  E:\Desktop\Cataclysm-DDA-0.D-branch\vcpkg\.vcpkg-root에 대한 파일 시스템 잠금을 기다리는 중...
  E:\Desktop\Cataclysm-DDA-0.D-branch\vcpkg\.vcpkg-root에 대한 파일 시스템 잠금을 기다리는 중...
  E:\Desktop\Cataclysm-DDA-0.D-branch\vcpkg\.vcpkg-root에 대한 파일 시스템 잠금을 기다리는 중...
  E:\Desktop\Cataclysm-DDA-0.D-branch\vcpkg\.vcpkg-root에 대한 파일 시스템 잠금을 기다리는 중...
  E:\Desktop\Cataclysm-DDA-0.D-branch\vcpkg\.vcpkg-root에 대한 파일 시스템 잠금을 기다리는 중...
  E:\Desktop\Cataclysm-DDA-0.D-branch\vcpkg\.vcpkg-root에 대한 파일 시스템 잠금을 기다리는 중...
  E:\Desktop\Cataclysm-DDA-0.D-branch\vcpkg\.vcpkg-root에 대한 파일 시스템 잠금을 기다리는 중...
  E:\Desktop\Cataclysm-DDA-0.D-branch\vcpkg\.vcpkg-root에 대한 파일 시스템 잠금을 기다리는 중...
  E:\Desktop\Cataclysm-DDA-0.D-branch\vcpkg\.vcpkg-root에 대한 파일 시스템 잠금을 기다리는 중...
  E:\Desktop\Cataclysm-DDA-0.D-branch\vcpkg\.vcpkg-root에 대한 파일 시스템 잠금을 기다리는 중...
  E:\Desktop\Cataclysm-DDA-0.D-branch\vcpkg\.vcpkg-root에 대한 파일 시스템 잠금을 기다리는 중...
  E:\Desktop\Cataclysm-DDA-0.D-branch\vcpkg\.vcpkg-root에 대한 파일 시스템 잠금을 기다리는 중...
  E:\Desktop\Cataclysm-DDA-0.D-branch\vcpkg\.vcpkg-root에 대한 파일 시스템 잠금을 기다리는 중...
  E:\Desktop\Cataclysm-DDA-0.D-branch\vcpkg\.vcpkg-root에 대한 파일 시스템 잠금을 기다리는 중...
  E:\Desktop\Cataclysm-DDA-0.D-branch\vcpkg\.vcpkg-root에 대한 파일 시스템 잠금을 기다리는 중...
  E:\Desktop\Cataclysm-DDA-0.D-branch\vcpkg\.vcpkg-root에 대한 파일 시스템 잠금을 기다리는 중...
  E:\Desktop\Cataclysm-DDA-0.D-branch\vcpkg\.vcpkg-root에 대한 파일 시스템 잠금을 기다리는 중...
  E:\Desktop\Cataclysm-DDA-0.D-branch\vcpkg\.vcpkg-root에 대한 파일 시스템 잠금을 기다리는 중...
  E:\Desktop\Cataclysm-DDA-0.D-branch\vcpkg\.vcpkg-root에 대한 파일 시스템 잠금을 기다리는 중...
  E:\Desktop\Cataclysm-DDA-0.D-branch\vcpkg\.vcpkg-root에 대한 파일 시스템 잠금을 기다리는 중...
  E:\Desktop\Cataclysm-DDA-0.D-branch\vcpkg\.vcpkg-root에 대한 파일 시스템 잠금을 기다리는 중...
  E:\Desktop\Cataclysm-DDA-0.D-branch\vcpkg\.vcpkg-root에 대한 파일 시스템 잠금을 기다리는 중...
  E:\Desktop\Cataclysm-DDA-0.D-branch\vcpkg\.vcpkg-root에 대한 파일 시스템 잠금을 기다리는 중...
  E:\Desktop\Cataclysm-DDA-0.D-branch\vcpkg\.vcpkg-root에 대한 파일 시스템 잠금을 기다리는 중...
  E:\Desktop\Cataclysm-DDA-0.D-branch\vcpkg\.vcpkg-root에 대한 파일 시스템 잠금을 기다리는 중...
  E:\Desktop\Cataclysm-DDA-0.D-branch\vcpkg\.vcpkg-root에 대한 파일 시스템 잠금을 기다리는 중...
  E:\Desktop\Cataclysm-DDA-0.D-branch\vcpkg\.vcpkg-root에 대한 파일 시스템 잠금을 기다리는 중...
  E:\Desktop\Cataclysm-DDA-0.D-branch\vcpkg\.vcpkg-root에 대한 파일 시스템 잠금을 기다리는 중...
  E:\Desktop\Cataclysm-DDA-0.D-branch\vcpkg\.vcpkg-root에 대한 파일 시스템 잠금을 기다리는 중...
  E:\Desktop\Cataclysm-DDA-0.D-branch\vcpkg\.vcpkg-root에 대한 파일 시스템 잠금을 기다리는 중...
  E:\Desktop\Cataclysm-DDA-0.D-branch\vcpkg\.vcpkg-root에 대한 파일 시스템 잠금을 기다리는 중...
  E:\Desktop\Cataclysm-DDA-0.D-branch\vcpkg\.vcpkg-root에 대한 파일 시스템 잠금을 기다리는 중...
  E:\Desktop\Cataclysm-DDA-0.D-branch\vcpkg\.vcpkg-root에 대한 파일 시스템 잠금을 기다리는 중...
  E:\Desktop\Cataclysm-DDA-0.D-branch\vcpkg\.vcpkg-root에 대한 파일 시스템 잠금을 기다리는 중...
  E:\Desktop\Cataclysm-DDA-0.D-branch\vcpkg\.vcpkg-root에 대한 파일 시스템 잠금을 기다리는 중...
  E:\Desktop\Cataclysm-DDA-0.D-branch\vcpkg\.vcpkg-root에 대한 파일 시스템 잠금을 기다리는 중...
  E:\Desktop\Cataclysm-DDA-0.D-branch\vcpkg\.vcpkg-root에 대한 파일 시스템 잠금을 기다리는 중...
  E:\Desktop\Cataclysm-DDA-0.D-branch\vcpkg\.vcpkg-root에 대한 파일 시스템 잠금을 기다리는 중...
  E:\Desktop\Cataclysm-DDA-0.D-branch\vcpkg\.vcpkg-root에 대한 파일 시스템 잠금을 기다리는 중...
  E:\Desktop\Cataclysm-DDA-0.D-branch\vcpkg\.vcpkg-root에 대한 파일 시스템 잠금을 기다리는 중...
  E:\Desktop\Cataclysm-DDA-0.D-branch\vcpkg\.vcpkg-root에 대한 파일 시스템 잠금을 기다리는 중...
  E:\Desktop\Cataclysm-DDA-0.D-branch\vcpkg\.vcpkg-root에 대한 파일 시스템 잠금을 기다리는 중...
  E:\Desktop\Cataclysm-DDA-0.D-branch\vcpkg\.vcpkg-root에 대한 파일 시스템 잠금을 기다리는 중...
  E:\Desktop\Cataclysm-DDA-0.D-branch\vcpkg\.vcpkg-root에 대한 파일 시스템 잠금을 기다리는 중...
  E:\Desktop\Cataclysm-DDA-0.D-branch\vcpkg\.vcpkg-root에 대한 파일 시스템 잠금을 기다리는 중...
  E:\Desktop\Cataclysm-DDA-0.D-branch\vcpkg\.vcpkg-root에 대한 파일 시스템 잠금을 기다리는 중...
  E:\Desktop\Cataclysm-DDA-0.D-branch\vcpkg\.vcpkg-root에 대한 파일 시스템 잠금을 기다리는 중...
  E:\Desktop\Cataclysm-DDA-0.D-branch\vcpkg\.vcpkg-root에 대한 파일 시스템 잠금을 기다리는 중...
  E:\Desktop\Cataclysm-DDA-0.D-branch\vcpkg\.vcpkg-root에 대한 파일 시스템 잠금을 기다리는 중...
E:\Desktop\Cataclysm-DDA-0.D-branch\vcpkg\scripts\buildsystems\msbuild\vcpkg.targets(183,5): warning MSB5021: 빌드가 취소되었으므로 작업 실행 파일 "cmd" 및 자식 프로세스를 종료합니다.
E:\Desktop\Cataclysm-DDA-0.D-branch\vcpkg\scripts\buildsystems\msbuild\vcpkg.targets(183,5): error MSB4181: "Exec" 작업이 false를 반환했지만 오류를 기록하지 않았습니다.
