  Installing vcpkg dependencies to E:\Desktop\Cataclysm-DDA-0.D-branch\Cataclysm-DDA\msvc-full-features\vcpkg_installed\x64-windows-static\
  "E:\Desktop\Cataclysm-DDA-0.D-branch\vcpkg\vcpkg.exe" install "--host-triplet=x64-windows-static" --x-wait-for-lock --triplet "x64-windows-static" --vcpkg-root "E:\Desktop\Cataclysm-DDA-0.D-branch\vcpkg\\" "--x-manifest-root=E:\Desktop\Cataclysm-DDA-0.D-branch\Cataclysm-DDA\msvc-full-features\\" "--x-install-root=E:\Desktop\Cataclysm-DDA-0.D-branch\Cataclysm-DDA\msvc-full-features\vcpkg_installed\x64-windows-static\\" --clean-after-build
  적합한 버전의 cmake을(를) 찾을 수 없습니다(v3.31.10 필요).
  https://github.com/Kitware/CMake/releases/download/v3.31.10/cmake-3.31.10-windows-x86_64.zip 다운로드 중 -> cmake-3.31.10-windows-x86_64.zip
  cmake-3.31.10-windows-x86_64.zip을(를) 다운로드했습니다.
  cmake을(를) 추출하는 중...
  적합한 버전의 7zip을(를) 찾을 수 없습니다(v25.1.0 필요).
  https://github.com/ip7z/7zip/releases/download/25.01/7z2501.exe 다운로드 중 -> 7z2501.7z.exe
  7z2501.7z.exe을(를) 다운로드했습니다.
  7zip을(를) 추출하는 중...
  적합한 버전의 7zr을(를) 찾을 수 없습니다(v25.1.0 필요).
  https://github.com/ip7z/7zip/releases/download/25.01/7zr.exe 다운로드 중 -> 7d84fcad-7zr.exe
  7d84fcad-7zr.exe을(를) 다운로드했습니다.
  삼중항 x64-windows-static에 대한 컴파일러 해시 감지 중...
  적합한 버전의 powershell-core을(를) 찾을 수 없습니다(v7.5.4 필요).
  https://github.com/PowerShell/PowerShell/releases/download/v7.5.4/PowerShell-7.5.4-win-x64.zip 다운로드 중 -> PowerShell-7.5.4-win-x64.zip
  PowerShell-7.5.4-win-x64.zip을(를) 다운로드했습니다.
  powershell-core을(를) 추출하는 중...
  컴파일러 찾음: C:/Program Files (x86)/Microsoft Visual Studio/2019/Community/VC/Tools/MSVC/14.29.30133/bin/Hostx64/x64/cl.exe
  빌드 및 설치할 패키지:
    * brotli:x64-windows-static@1.1.0#1
    * bzip2[core,tool]:x64-windows-static@1.0.8#6
    * freetype[brotli,bzip2,core,png,zlib]:x64-windows-static@2.13.3
    * libflac[core,stack-protector]:x64-windows-static@1.5.0
    * libjpeg-turbo:x64-windows-static@3.1.0#1
    * libogg:x64-windows-static@1.3.5#2
    * libpng:x64-windows-static@1.6.47
      libvorbis:x64-windows-static@1.3.7#4
    * mpg123:x64-windows-static@1.32.9#1
      pdcurses:x64-windows-static@3.9#7
      sdl2:x64-windows-static@2.32.8
      sdl2-image[core,libjpeg-turbo]:x64-windows-static@2.8.8#1
      sdl2-mixer[core,libflac,mpg123,wavpack]:x64-windows-static@2.8.1#1
      sdl2-ttf:x64-windows-static@2.24.0
    * vcpkg-cmake:x64-windows-static@2024-04-23
    * vcpkg-cmake-config:x64-windows-static@2024-05-23
    * wavpack:x64-windows-static@5.8.1#1
    * yasm[core,tools]:x64-windows-static@1.3.0#7
    * zlib:x64-windows-static@1.3.1
  이 작업을 완료하기 위해 추가 패키지(*)가 수정됩니다.
  820 us 후 C:\Users\Nayuri\AppData\Local\vcpkg\archives의 패키지 0개를 복원했습니다. 자세한 내용을 보려면 --debug를 사용하세요.
  1/19 vcpkg-cmake-config:x64-windows-static@2024-05-23을(를) 설치하는 중...
  vcpkg-cmake-config:x64-windows-static@2024-05-23 구축 중...
  -- Installing: E:/Desktop/Cataclysm-DDA-0.D-branch/vcpkg/packages/vcpkg-cmake-config_x64-windows-static/share/vcpkg-cmake-config/vcpkg_cmake_config_fixup.cmake
  -- Installing: E:/Desktop/Cataclysm-DDA-0.D-branch/vcpkg/packages/vcpkg-cmake-config_x64-windows-static/share/vcpkg-cmake-config/vcpkg-port-config.cmake
  -- Installing: E:/Desktop/Cataclysm-DDA-0.D-branch/vcpkg/packages/vcpkg-cmake-config_x64-windows-static/share/vcpkg-cmake-config/copyright
  -- VCPKG_POLICY_EMPTY_PACKAGE(으)로 인해 빌드 후 유효성 검사를 건너뛰는 중
  백그라운드에서 이진 캐시를 1 vcpkg-cmake-config:x64-windows-static@2024-05-23 제출을 시작하는 중
  vcpkg-cmake-config:x64-windows-static 처리 경과 시간: 242 ms
  vcpkg-cmake-config:x64-windows-static 패키지 ABI: ea673052495cbcc0a63690cb54ed33e33162644cf38c35fa8d2aec582214e32f
  2/19 vcpkg-cmake:x64-windows-static@2024-04-23을(를) 설치하는 중...
  vcpkg-cmake:x64-windows-static@2024-04-23 구축 중...
  -- Installing: E:/Desktop/Cataclysm-DDA-0.D-branch/vcpkg/packages/vcpkg-cmake_x64-windows-static/share/vcpkg-cmake/vcpkg_cmake_configure.cmake
  -- Installing: E:/Desktop/Cataclysm-DDA-0.D-branch/vcpkg/packages/vcpkg-cmake_x64-windows-static/share/vcpkg-cmake/vcpkg_cmake_build.cmake
  -- Installing: E:/Desktop/Cataclysm-DDA-0.D-branch/vcpkg/packages/vcpkg-cmake_x64-windows-static/share/vcpkg-cmake/vcpkg_cmake_install.cmake
  -- Installing: E:/Desktop/Cataclysm-DDA-0.D-branch/vcpkg/packages/vcpkg-cmake_x64-windows-static/share/vcpkg-cmake/vcpkg-port-config.cmake
  -- Installing: E:/Desktop/Cataclysm-DDA-0.D-branch/vcpkg/packages/vcpkg-cmake_x64-windows-static/share/vcpkg-cmake/copyright
  -- 빌드 후 유효성 검사를 수행하는 중
  백그라운드에서 이진 캐시를 1 vcpkg-cmake:x64-windows-static@2024-04-23 제출을 시작하는 중
  vcpkg-cmake:x64-windows-static 처리 경과 시간: 223 ms
  vcpkg-cmake:x64-windows-static 패키지 ABI: 547781f538437b25cc4e3660e6dacf684e9e0bc975d95db25548f7535537b436
  104 ms 1 이진 캐시에 vcpkg-cmake-config:x64-windows-static@2024-05-23 제출을 완료했습니다.
  3/19 libogg:x64-windows-static@1.3.5#2을(를) 설치하는 중...
  libogg:x64-windows-static@1.3.5#2 구축 중...
  Downloading https://gitlab.xiph.org/xiph/ogg/-/archive/v1.3.5/ogg-v1.3.5.tar.gz -> xiph-ogg-v1.3.5.tar.gz
  Successfully downloaded xiph-ogg-v1.3.5.tar.gz
  -- Extracting source E:/Desktop/Cataclysm-DDA-0.D-branch/vcpkg/downloads/xiph-ogg-v1.3.5.tar.gz
  -- Using source at E:/Desktop/Cataclysm-DDA-0.D-branch/vcpkg/buildtrees/libogg/src/v1.3.5-1a4243fef9.clean
  -- Configuring x64-windows-static
E:\Desktop\Cataclysm-DDA-0.D-branch\vcpkg\scripts\buildsystems\msbuild\vcpkg.targets(183,5): warning MSB5021: 빌드가 취소되었으므로 작업 실행 파일 "cmd" 및 자식 프로세스를 종료합니다.
E:\Desktop\Cataclysm-DDA-0.D-branch\vcpkg\scripts\buildsystems\msbuild\vcpkg.targets(183,5): error MSB4181: "Exec" 작업이 false를 반환했지만 오류를 기록하지 않았습니다.
