

-----------------------------------------
11:04:11.159 : Starting log.
11:04:11.159 INFO : Cataclysm DDA version .C_20260114-cuphwi
11:04:11.172 INFO : Number of render drivers on your system: 6
11:04:11.172 INFO : Render driver: 0/direct3d
11:04:11.172 INFO : Render driver: 1/direct3d11
11:04:11.172 INFO : Render driver: 2/direct3d12
11:04:11.172 INFO : Render driver: 3/opengl
11:04:11.172 INFO : Render driver: 4/opengles2
11:04:11.172 INFO : Render driver: 5/software
11:04:11.179 INFO : Language is set to: 'ko'
11:04:11.191 INFO : SDL version used during compile is 2.32.10
11:04:11.191 INFO : SDL version used during linking and in runtime is 2.32.10
11:04:11.277 INFO : Active renderer: 0/direct3d
11:04:11.786 INFO : USE_COLOR_MODULATED_TEXTURES is set to 0


-----------------------------------------
11:04:15.343 : Starting log.
11:04:15.343 INFO : Cataclysm DDA version .C_20260114-cuphwi
11:04:15.359 INFO : Number of render drivers on your system: 6
11:04:15.359 INFO : Render driver: 0/direct3d
11:04:15.359 INFO : Render driver: 1/direct3d11
11:04:15.359 INFO : Render driver: 2/direct3d12
11:04:15.359 INFO : Render driver: 3/opengl
11:04:15.359 INFO : Render driver: 4/opengles2
11:04:15.359 INFO : Render driver: 5/software
11:04:15.361 INFO : Language is set to: 'ko'
11:04:15.373 INFO : SDL version used during compile is 2.32.10
11:04:15.373 INFO : SDL version used during linking and in runtime is 2.32.10
11:04:15.454 INFO : Active renderer: 0/direct3d
11:04:15.963 INFO : USE_COLOR_MODULATED_TEXTURES is set to 0


-----------------------------------------
11:05:38.029 : Starting log.
11:05:38.029 INFO : Cataclysm DDA version .C_20260114-cuphwi
11:05:38.044 INFO : Number of render drivers on your system: 6
11:05:38.044 INFO : Render driver: 0/direct3d
11:05:38.044 INFO : Render driver: 1/direct3d11
11:05:38.044 INFO : Render driver: 2/direct3d12
11:05:38.044 INFO : Render driver: 3/opengl
11:05:38.044 INFO : Render driver: 4/opengles2
11:05:38.044 INFO : Render driver: 5/software
11:05:38.049 INFO : Language is set to: 'ko'
11:05:38.061 INFO : SDL version used during compile is 2.32.10
11:05:38.061 INFO : SDL version used during linking and in runtime is 2.32.10
11:05:38.139 INFO : Active renderer: 0/direct3d
11:05:38.661 INFO : USE_COLOR_MODULATED_TEXTURES is set to 0


-----------------------------------------
11:07:43.619 : Starting log.
11:07:43.619 INFO : Cataclysm DDA version .C_20260114-cuphwi
11:07:43.639 INFO : Number of render drivers on your system: 6
11:07:43.639 INFO : Render driver: 0/direct3d
11:07:43.639 INFO : Render driver: 1/direct3d11
11:07:43.639 INFO : Render driver: 2/direct3d12
11:07:43.639 INFO : Render driver: 3/opengl
11:07:43.639 INFO : Render driver: 4/opengles2
11:07:43.639 INFO : Render driver: 5/software
11:07:43.639 INFO : Language is set to: 'ko'
11:07:43.651 INFO : SDL version used during compile is 2.32.10
11:07:43.651 INFO : SDL version used during linking and in runtime is 2.32.10
11:07:43.734 INFO : Active renderer: 0/direct3d
11:07:44.265 INFO : USE_COLOR_MODULATED_TEXTURES is set to 0
11:07:44.368 WARNING : opendir [./mods/] failed with "No such file or directory".
11:07:52.864 ERROR : couldn't parse color: c_gleen_yellow
11:07:52.864 ERROR : couldn't parse color: c_gleen_yellow
11:07:52.864 ERROR : couldn't parse color: c_gleen_yellow
11:07:54.170 WARNING : opendir [./save/cuphwi/mods] failed with "No such file or directory".


-----------------------------------------
11:12:02.203 : Starting log.
11:12:02.203 INFO : Cataclysm DDA version .C_20260114-cuphwi
11:12:02.219 INFO : Number of render drivers on your system: 6
11:12:02.219 INFO : Render driver: 0/direct3d
11:12:02.219 INFO : Render driver: 1/direct3d11
11:12:02.219 INFO : Render driver: 2/direct3d12
11:12:02.219 INFO : Render driver: 3/opengl
11:12:02.219 INFO : Render driver: 4/opengles2
11:12:02.219 INFO : Render driver: 5/software
11:12:02.219 INFO : Language is set to: 'ko'
11:12:02.232 INFO : SDL version used during compile is 2.32.10
11:12:02.232 INFO : SDL version used during linking and in runtime is 2.32.10
11:12:02.305 INFO : Active renderer: 0/direct3d
11:12:02.818 INFO : USE_COLOR_MODULATED_TEXTURES is set to 0
11:12:02.927 WARNING : opendir [./mods/] failed with "No such file or directory".
11:12:10.592 WARNING : opendir [./save/cuphwi/mods] failed with "No such file or directory".
