  debug.c
  entropy_common.c
  error_private.c
  fse_decompress.c
  pool.c
  threading.c
  xxhash.c
  zstd_common.c
  fse_compress.c
  hist.c
  huf_compress.c
  zstdmt_compress.c
  zstd_compress.c
  zstd_compress_literals.c
  zstd_compress_sequences.c
  zstd_compress_superblock.c
  zstd_double_fast.c
  zstd_fast.c
  zstd_lazy.c
  zstd_ldm.c
  zstd_opt.c
  zstd_preSplit.c
  huf_decompress.c
  zstd_decompress.c
  zstd_ddict.c
  zstd_decompress_block.c
  zstd.vcxproj -> E:\Desktop\Cataclysm-DDA-0.D-branch\Cataclysm-DDA\objwin\Release\x64\zstd\zstd-Release-x64.lib
